✓ Running next.config.ts took 40ms
Runtime HTTP OK: /
Runtime HTTP OK: /entrar
Runtime HTTP OK: /cadastro
Runtime HTTP OK: /recuperar-senha
Runtime HTTP OK: /redefinir-senha
Runtime HTTP OK: /manutencao
Runtime HTTP OK: /conta-bloqueada
Runtime HTTP OK: /admin
Runtime HTTP OK: /admin/configuracoes
Runtime HTTP OK: /painel
Runtime HTTP OK: /painel/mesa-reparo
Runtime HTTP OK: /painel/vendas
Runtime HTTP OK: /painel/ordens/nova
Runtime HTTP OK: /painel/financeiro
Runtime HTTP OK: /painel/notas-fiscais
Runtime HTTP OK: /painel/equipe
Runtime HTTP OK: /painel/estoque
Runtime HTTP OK: /painel/empresa
Runtime HTTP OK: /acompanhar
Runtime HTTP OK: /empresa-inexistente
Runtime HTTP OK: /agendar/empresa-inexistente
